exports[`test Link changes the class when hovered 1`] = `
<span
  className="icon fa fa-cog fa-2x fa-spin"
  name="cog"
  size="2x" />
`;
